I'm sorry, but errors were detected in your script. Please correct the
errors listed below, and try again.


File "game/script.rpy", line 33: expected 'image_name_component' not found.
    hide
        ^

Ren'Py Version: Ren'Py 8.1.3.23091805
Tue Oct 31 09:14:23 2023
